[teal-service-886602.framer.app/index.html]
[backblue.gif]
[fade.gif]
[index.html]
[framerusercontent.com/images/ycfZfjcNvIvDnQU89mpTp8Mnhk.png]
[framerusercontent.com/images/0adNf0DHu6GofuZSsGPa87DzaWU.png]
[framerusercontent.com/images/groKhIkfYb6l38jqPKoFh3cFA.png]
[framerusercontent.com/images/ioEJprlK6BpFABtUUYl6PW46I.png]
[framerusercontent.com/images/2zzeZrNZ7Sr58VWlGohpkGTOg.png]
[framerusercontent.com/images/zkr8EOJoU6EEHnGwFAPLLvF3yTY.png]
[framerusercontent.com/images/vgVDACsyjYtHVTMLVw7Zwvvkxo.png]
[framerusercontent.com/images/yMPbXQsA6TFvjMKBHlKUyIQp8.png]
[framerusercontent.com/images/uCozbGl4SL8ckdVpDzNl6t3KHnY.jpg]
[framerusercontent.com/images/YqemS3elxYgAnl26UMi37wK32XQ.jpg]
[framerusercontent.com/images/TCjTHrZSX4HapsMr9XohT19UBA.jpg]
[framerusercontent.com/images/pli4Gvm7QMtLn2FSOkA7DaiYAAo.png]
[framerusercontent.com/images/jjmHDjAiD0wVz8nJgsekrWK8.jpg]
[framerusercontent.com/images/NuJV0Dpca1nXfFsLrNuLqPmX4s.jpg]
[framerusercontent.com/images/kzHJwWNG4phiKTWBECBdMrgVLqg.jpg]
[framerusercontent.com/images/MogGMOF7WoLiS072RNyy5rzrJA.jpg]
[framerusercontent.com/images/HwxosGpCfm0ZHtktMl4RefBVFKs.png]
[framerusercontent.com/images/mepFgT829GCXJ3ad3yH5mwmAGI.png]
[framerusercontent.com/images/60DDwLLFuWbvYEb1daOAiqwaY.png]
[framerusercontent.com/images/gc33YYr0i03F17e8zCuvX7JCQM.png]
[framerusercontent.com/images/lHulaMLM0KCbKuV8MxXdNbY7kN4.png]
[framerusercontent.com/images/N4sOZVsevaqmIpxFhWvWuwNyQ.png]
[framerusercontent.com/images/iGRCkCQfTYtp9R04VlvafLuB4.png]
[teal-service-886602.framer.app/index.html]
